str1 :: String
str1{-#COLUMN 5#-}= "test1"

str2 :: String
str2 = str3 where
   str3 :: String
   str3{-#COLUMN 7#-}= "test2"

nested :: Int -> Bool
nested{-#COLUMN 5#-}0 = a where
   a :: Bool
   a{-#COLUMN 7#-}= True
nested{-#COLUMN 5#-}_ = b where
   b :: Bool
   b = False

column :: Int
column{-#COLUMN 4#-}= a where a :: Int
             a = 4


