str1 :: String
str1{-#COLUMN 5#-}= "test1"

str2 :: String
str2 = str3 where
   str3 :: String
   {- comment -}
   str3{-#COLUMN 7#-}= "test2"

nested :: Int -> Bool
nested{-#COLUMN 5#-}0 = a where
   a :: Bool
-- comment
   a{-#COLUMN 7#-}= True
{-
   comment
-}
nested{-#COLUMN 5#-}_ = b where
   b :: Bool
   b = False

column :: Int
column{-#COLUMN 4#-}= a where a :: Int
             a = 4

blankLine :: ()

blankLine{-#COLUMN 5#-}= ()

spacesOnlyLine :: ()
          
spacesOnlyLine{-#COLUMN 5#-}= ()

