import Data.List as List
import qualified Control.Monad as Monad


import Data.Char 
import qualified Data.String  as String;import qualified Data.String  as S
import Data.Ord ;import qualified Data.Ord  as Ord
import Data.List ;import qualified Data.List 
   as List

-- ignored

