x :: Int
x = 1234567

y :: Double
y = 299792458.123456

